AR immextend behavioral C:/Users/HASEE/Desktop/yanjy/Computer/MyComputer/ImmExtend.vhd sub00/vhpl13 1480675587
EN ifidregisters NULL C:/Users/HASEE/Desktop/yanjy/Computer/MyComputer/IfIdRegisters.vhd sub00/vhpl08 1480675582
EN clock NULL C:/Users/HASEE/Desktop/yanjy/Computer/MyComputer/clock.vhd sub00/vhpl00 1480675574
AR ifidregisters behavioral C:/Users/HASEE/Desktop/yanjy/Computer/MyComputer/IfIdRegisters.vhd sub00/vhpl09 1480675583
AR tregisters behavioral C:/Users/HASEE/Desktop/yanjy/Computer/MyComputer/TRegisters.vhd sub00/vhpl19 1480444964
AR pcregister behavioral C:/Users/HASEE/Desktop/yanjy/Computer/MyComputer/PCRegister.vhd sub00/vhpl05 1480675579
EN idexregisters NULL C:/Users/HASEE/Desktop/yanjy/Computer/MyComputer/IDExRegisters.vhd sub00/vhpl26 1480675598
AR pcaddim behavioral C:/Users/HASEE/Desktop/yanjy/Computer/MyComputer/PCAddim.vhd sub00/vhpl15 1480675589
AR pcadder behavioral C:/Users/HASEE/Desktop/yanjy/Computer/MyComputer/PCAdder.vhd sub00/vhpl07 1480675581
AR firstopmux behavioral C:/Users/HASEE/Desktop/yanjy/Computer/MyComputer/FirstOpMux.vhd sub00/vhpl29 1480675601
AR idexregisters behavioral C:/Users/HASEE/Desktop/yanjy/Computer/MyComputer/IDExRegisters.vhd sub00/vhpl27 1480675599
AR io behavioral C:/Users/HASEE/Desktop/yanjy/Computer/MyComputer/IO.vhd sub00/vhpl39 1480675611
EN secondopmux NULL C:/Users/HASEE/Desktop/yanjy/Computer/MyComputer/SecondOpMux.vhd sub00/vhpl32 1480675604
EN bjcontroler NULL C:/Users/HASEE/Desktop/yanjy/Computer/MyComputer/BJControler.vhd sub00/vhpl20 1480441400
AR pcmux behavioral C:/Users/HASEE/Desktop/yanjy/Computer/MyComputer/PCMux.vhd sub00/vhpl03 1480675577
EN io NULL C:/Users/HASEE/Desktop/yanjy/Computer/MyComputer/IO.vhd sub00/vhpl38 1480675610
AR clock behavioral C:/Users/HASEE/Desktop/yanjy/Computer/MyComputer/clock.vhd sub00/vhpl01 1480675575
EN firstopmux NULL C:/Users/HASEE/Desktop/yanjy/Computer/MyComputer/FirstOpMux.vhd sub00/vhpl28 1480675600
AR registers behavioral C:/Users/HASEE/Desktop/yanjy/Computer/MyComputer/Registers.vhd sub00/vhpl17 1480675591
EN rymux NULL C:/Users/HASEE/Desktop/yanjy/Computer/MyComputer/RyMux.vhd sub00/vhpl30 1480675602
EN memwbregisters NULL C:/Users/HASEE/Desktop/yanjy/Computer/MyComputer/MemWbRegisters.vhd sub00/vhpl40 1480675612
EN pcadder NULL C:/Users/HASEE/Desktop/yanjy/Computer/MyComputer/PCAdder.vhd sub00/vhpl06 1480675580
EN bjcontroller NULL C:/Users/HASEE/Desktop/yanjy/Computer/MyComputer/BJController.vhd sub00/vhpl45 1480675592
EN vga NULL C:/Users/HASEE/Desktop/yanjy/Computer/MyComputer/vga.vhd sub00/vhpl48 1480675616
EN pcaddim NULL C:/Users/HASEE/Desktop/yanjy/Computer/MyComputer/PCAddim.vhd sub00/vhpl14 1480675588
AR exmemregisters behavioral C:/Users/HASEE/Desktop/yanjy/Computer/MyComputer/ExMemRegisters.vhd sub00/vhpl37 1480675609
AR conflictcontroller behavioral C:/Users/HASEE/Desktop/yanjy/Computer/MyComputer/ConflictController.vhd sub00/vhpl23 1480675595
AR rymux behavioral C:/Users/HASEE/Desktop/yanjy/Computer/MyComputer/RyMux.vhd sub00/vhpl31 1480675603
EN controllermux NULL C:/Users/HASEE/Desktop/yanjy/Computer/MyComputer/ControllerMux.vhd sub00/vhpl24 1480675596
EN pcmux NULL C:/Users/HASEE/Desktop/yanjy/Computer/MyComputer/PCMux.vhd sub00/vhpl02 1480675576
EN forwardunit NULL C:/Users/HASEE/Desktop/yanjy/Computer/MyComputer/ForwardUnit.vhd sub00/vhpl42 1480675614
AR bjcontroller behavioral C:/Users/HASEE/Desktop/yanjy/Computer/MyComputer/BJController.vhd sub00/vhpl46 1480675593
AR vga behavioral C:/Users/HASEE/Desktop/yanjy/Computer/MyComputer/vga.vhd sub00/vhpl49 1480675617
EN immextend NULL C:/Users/HASEE/Desktop/yanjy/Computer/MyComputer/ImmExtend.vhd sub00/vhpl12 1480675586
AR mycpu behavioral C:/Users/HASEE/Desktop/yanjy/Computer/MyComputer/mycpu.vhd sub00/vhpl47 1480675619
AR forwardunit behavioral C:/Users/HASEE/Desktop/yanjy/Computer/MyComputer/ForwardUnit.vhd sub00/vhpl43 1480675615
EN mycpu NULL C:/Users/HASEE/Desktop/yanjy/Computer/MyComputer/mycpu.vhd sub00/vhpl44 1480675618
EN exmemregisters NULL C:/Users/HASEE/Desktop/yanjy/Computer/MyComputer/ExMemRegisters.vhd sub00/vhpl36 1480675608
EN pcregister NULL C:/Users/HASEE/Desktop/yanjy/Computer/MyComputer/PCRegister.vhd sub00/vhpl04 1480675578
EN conflictcontroller NULL C:/Users/HASEE/Desktop/yanjy/Computer/MyComputer/ConflictController.vhd sub00/vhpl22 1480675594
AR alu behavioral C:/Users/HASEE/Desktop/yanjy/Computer/MyComputer/Alu.vhd sub00/vhpl35 1480675607
AR controllermux behavioral C:/Users/HASEE/Desktop/yanjy/Computer/MyComputer/ControllerMux.vhd sub00/vhpl25 1480675597
AR secondopmux behavioral C:/Users/HASEE/Desktop/yanjy/Computer/MyComputer/SecondOpMux.vhd sub00/vhpl33 1480675605
EN controller NULL C:/Users/HASEE/Desktop/yanjy/Computer/MyComputer/Controller.vhd sub00/vhpl10 1480675584
AR memwbregisters behavioral C:/Users/HASEE/Desktop/yanjy/Computer/MyComputer/MemWbRegisters.vhd sub00/vhpl41 1480675613
AR bjcontroler behavioral C:/Users/HASEE/Desktop/yanjy/Computer/MyComputer/BJControler.vhd sub00/vhpl21 1480441401
AR controller behavioral C:/Users/HASEE/Desktop/yanjy/Computer/MyComputer/Controller.vhd sub00/vhpl11 1480675585
EN tregisters NULL C:/Users/HASEE/Desktop/yanjy/Computer/MyComputer/TRegisters.vhd sub00/vhpl18 1480444963
EN registers NULL C:/Users/HASEE/Desktop/yanjy/Computer/MyComputer/Registers.vhd sub00/vhpl16 1480675590
EN alu NULL C:/Users/HASEE/Desktop/yanjy/Computer/MyComputer/Alu.vhd sub00/vhpl34 1480675606
