AR immextend behavioral C:/Users/HASEE/Desktop/yanjy/Computer/MyComputer/ImmExtend.vhd sub00/vhpl13 1480443240
EN ifidregisters NULL C:/Users/HASEE/Desktop/yanjy/Computer/MyComputer/IfIdRegisters.vhd sub00/vhpl08 1480443235
EN clock NULL C:/Users/HASEE/Desktop/yanjy/Computer/MyComputer/clock.vhd sub00/vhpl00 1480443227
AR ifidregisters behavioral C:/Users/HASEE/Desktop/yanjy/Computer/MyComputer/IfIdRegisters.vhd sub00/vhpl09 1480443236
AR tregisters behavioral C:/Users/HASEE/Desktop/yanjy/Computer/MyComputer/TRegisters.vhd sub00/vhpl19 1480443246
AR pcregister behavioral C:/Users/HASEE/Desktop/yanjy/Computer/MyComputer/PCRegister.vhd sub00/vhpl05 1480443232
EN idexregisters NULL C:/Users/HASEE/Desktop/yanjy/Computer/MyComputer/IDExRegisters.vhd sub00/vhpl26 1480443253
AR pcaddim behavioral C:/Users/HASEE/Desktop/yanjy/Computer/MyComputer/PCAddim.vhd sub00/vhpl15 1480443242
AR pcadder behavioral C:/Users/HASEE/Desktop/yanjy/Computer/MyComputer/PCAdder.vhd sub00/vhpl07 1480443234
AR firstopmux behavioral C:/Users/HASEE/Desktop/yanjy/Computer/MyComputer/FirstOpMux.vhd sub00/vhpl29 1480443256
AR idexregisters behavioral C:/Users/HASEE/Desktop/yanjy/Computer/MyComputer/IDExRegisters.vhd sub00/vhpl27 1480443254
AR io behavioral C:/Users/HASEE/Desktop/yanjy/Computer/MyComputer/IO.vhd sub00/vhpl39 1480443266
EN secondopmux NULL C:/Users/HASEE/Desktop/yanjy/Computer1/SecondOpMux.vhd sub00/vhpl32 1480443259
EN bjcontroler NULL C:/Users/HASEE/Desktop/yanjy/Computer/MyComputer/BJControler.vhd sub00/vhpl20 1480441400
AR pcmux behavioral C:/Users/HASEE/Desktop/yanjy/Computer/MyComputer/PCMux.vhd sub00/vhpl03 1480443230
EN io NULL C:/Users/HASEE/Desktop/yanjy/Computer/MyComputer/IO.vhd sub00/vhpl38 1480443265
AR clock behavioral C:/Users/HASEE/Desktop/yanjy/Computer/MyComputer/clock.vhd sub00/vhpl01 1480443228
EN firstopmux NULL C:/Users/HASEE/Desktop/yanjy/Computer/MyComputer/FirstOpMux.vhd sub00/vhpl28 1480443255
AR registers behavioral C:/Users/HASEE/Desktop/yanjy/Computer/MyComputer/Registers.vhd sub00/vhpl17 1480443244
EN rymux NULL C:/Users/HASEE/Desktop/yanjy/Computer1/RyMux.vhd sub00/vhpl30 1480443257
EN memwbregisters NULL C:/Users/HASEE/Desktop/yanjy/Computer1/MemWbRegisters.vhd sub00/vhpl40 1480443267
EN pcadder NULL C:/Users/HASEE/Desktop/yanjy/Computer/MyComputer/PCAdder.vhd sub00/vhpl06 1480443233
EN bjcontroller NULL C:/Users/HASEE/Desktop/yanjy/Computer/MyComputer/BJController.vhd sub00/vhpl45 1480443247
EN pcaddim NULL C:/Users/HASEE/Desktop/yanjy/Computer/MyComputer/PCAddim.vhd sub00/vhpl14 1480443241
AR exmemregisters behavioral C:/Users/HASEE/Desktop/yanjy/Computer/MyComputer/ExMemRegisters.vhd sub00/vhpl37 1480443264
AR conflictcontroller behavioral C:/Users/HASEE/Desktop/yanjy/Computer/MyComputer/ConflictController.vhd sub00/vhpl23 1480443250
AR rymux behavioral C:/Users/HASEE/Desktop/yanjy/Computer1/RyMux.vhd sub00/vhpl31 1480443258
EN controllermux NULL C:/Users/HASEE/Desktop/yanjy/Computer/MyComputer/ControllerMux.vhd sub00/vhpl24 1480443251
EN pcmux NULL C:/Users/HASEE/Desktop/yanjy/Computer/MyComputer/PCMux.vhd sub00/vhpl02 1480443229
EN forwardunit NULL C:/Users/HASEE/Desktop/yanjy/Computer/MyComputer/ForwardUnit.vhd sub00/vhpl42 1480443269
AR bjcontroller behavioral C:/Users/HASEE/Desktop/yanjy/Computer/MyComputer/BJController.vhd sub00/vhpl46 1480443248
EN immextend NULL C:/Users/HASEE/Desktop/yanjy/Computer/MyComputer/ImmExtend.vhd sub00/vhpl12 1480443239
AR mycpu behavioral C:/Users/HASEE/Desktop/yanjy/Computer/MyComputer/mycpu.vhd sub00/vhpl47 1480443272
AR forwardunit behavioral C:/Users/HASEE/Desktop/yanjy/Computer/MyComputer/ForwardUnit.vhd sub00/vhpl43 1480443270
EN mycpu NULL C:/Users/HASEE/Desktop/yanjy/Computer/MyComputer/mycpu.vhd sub00/vhpl44 1480443271
EN exmemregisters NULL C:/Users/HASEE/Desktop/yanjy/Computer/MyComputer/ExMemRegisters.vhd sub00/vhpl36 1480443263
EN pcregister NULL C:/Users/HASEE/Desktop/yanjy/Computer/MyComputer/PCRegister.vhd sub00/vhpl04 1480443231
EN conflictcontroller NULL C:/Users/HASEE/Desktop/yanjy/Computer/MyComputer/ConflictController.vhd sub00/vhpl22 1480443249
AR alu behavioral C:/Users/HASEE/Desktop/yanjy/Computer/MyComputer/Alu.vhd sub00/vhpl35 1480443262
AR controllermux behavioral C:/Users/HASEE/Desktop/yanjy/Computer/MyComputer/ControllerMux.vhd sub00/vhpl25 1480443252
AR secondopmux behavioral C:/Users/HASEE/Desktop/yanjy/Computer1/SecondOpMux.vhd sub00/vhpl33 1480443260
EN controller NULL C:/Users/HASEE/Desktop/yanjy/Computer/MyComputer/Controller.vhd sub00/vhpl10 1480443237
AR memwbregisters behavioral C:/Users/HASEE/Desktop/yanjy/Computer1/MemWbRegisters.vhd sub00/vhpl41 1480443268
AR bjcontroler behavioral C:/Users/HASEE/Desktop/yanjy/Computer/MyComputer/BJControler.vhd sub00/vhpl21 1480441401
AR controller behavioral C:/Users/HASEE/Desktop/yanjy/Computer/MyComputer/Controller.vhd sub00/vhpl11 1480443238
EN tregisters NULL C:/Users/HASEE/Desktop/yanjy/Computer/MyComputer/TRegisters.vhd sub00/vhpl18 1480443245
EN registers NULL C:/Users/HASEE/Desktop/yanjy/Computer/MyComputer/Registers.vhd sub00/vhpl16 1480443243
EN alu NULL C:/Users/HASEE/Desktop/yanjy/Computer/MyComputer/Alu.vhd sub00/vhpl34 1480443261
